(cx-gui-do cx-activate-item "MenuBar*ReadSubMenu*Case...")
(cx-gui-do cx-set-text-entry "Select File*FilterText" "d:\codes\uav\actools2\temp\*")
(cx-gui-do cx-activate-item "Select File*Apply")
(cx-gui-do cx-set-text-entry "Select File*Text" "fw_debug_nonsym.cas")
(cx-gui-do cx-activate-item "Select File*OK")
(cx-gui-do cx-set-toggle-button "General*Frame1*Table1*Frame2(Solver)*Table2(Solver)*ButtonBox1(Type)*Density-Based" #f)
(cx-gui-do cx-activate-item "General*Frame1*Table1*Frame2(Solver)*Table2(Solver)*ButtonBox1(Type)*Density-Based")
(cx-gui-do cx-activate-item "MenuBar*DefineMenu*Models...")
(cx-gui-do cx-set-list-selections "Models*Frame1*Table1*Frame1*List1(Models)" '( 1))
(cx-gui-do cx-activate-item "Models*Frame1*Table1*Frame1*List1(Models)")
(cx-gui-do cx-activate-item "Models*Frame1*Table1*PushButton2(Edit)")
(cx-gui-do cx-set-toggle-button "Energy*Frame1(Energy)*Table1(Energy)*Frame1*ToggleBox1*CheckButton1(Energy Equation)" #f)
(cx-gui-do cx-activate-item "Energy*Frame1(Energy)*Table1(Energy)*Frame1*ToggleBox1*CheckButton1(Energy Equation)")
(cx-gui-do cx-activate-item "Energy*PanelButtons*PushButton1(OK)")
(cx-gui-do cx-set-list-selections "Models*Frame1*Table1*Frame1*List1(Models)" '( 2))
(cx-gui-do cx-activate-item "Models*Frame1*Table1*Frame1*List1(Models)")
(cx-gui-do cx-activate-item "Models*Frame1*Table1*PushButton2(Edit)")
(cx-gui-do cx-set-toggle-button "Viscous Model*Frame1*Table1*Frame1(Model)*ToggleBox1(Model)*Spalart-Allmaras (1 eqn)" #f)
(cx-gui-do cx-activate-item "Viscous Model*Frame1*Table1*Frame1(Model)*ToggleBox1(Model)*Spalart-Allmaras (1 eqn)")
(cx-gui-do cx-activate-item "Viscous Model*PanelButtons*PushButton1(OK)")
(cx-gui-do cx-activate-item "MenuBar*DefineMenu*Materials...")
(cx-gui-do cx-set-list-selections "Materials*Frame1*Table1*Frame1*List1(Materials)" '( 1))
(cx-gui-do cx-activate-item "Materials*Frame1*Table1*Frame1*List1(Materials)")
(cx-gui-do cx-activate-item "Materials*Frame1*Table1*ButtonBox2*PushButton1(Create/Edit)")
(cx-gui-do cx-set-list-selections "Create/Edit Materials*Frame2(Properties)*Table2(Properties)*Frame4*Frame2*DropDownList1" '( 1))
(cx-gui-do cx-activate-item "Create/Edit Materials*Frame2(Properties)*Table2(Properties)*Frame4*Frame2*DropDownList1")
(cx-gui-do cx-activate-item "Create/Edit Materials*PanelButtons*PushButton1(Change/Create)")
(cx-gui-do cx-activate-item "Create/Edit Materials*PanelButtons*PushButton1(Close)")
(cx-gui-do cx-activate-item "MenuBar*DefineMenu*Boundary Conditions...")
(cx-gui-do cx-set-list-selections "Boundary Conditions*Frame1*Table1*Frame1*List1(Zone)" '( 2))
(cx-gui-do cx-activate-item "Boundary Conditions*Frame1*Table1*Frame1*List1(Zone)")
(cx-gui-do cx-set-list-selections "Boundary Conditions*Frame1*Table1*Frame1*List1(Zone)" '( 3))
(cx-gui-do cx-activate-item "Boundary Conditions*Frame1*Table1*Frame1*List1(Zone)")
(cx-gui-do cx-set-list-selections "Boundary Conditions*Frame1*Table1*Frame1*List1(Zone)" '( 0))
(cx-gui-do cx-activate-item "Boundary Conditions*Frame1*Table1*Frame1*List1(Zone)")
(cx-gui-do cx-activate-item "Boundary Conditions*Frame1*Table1*Frame2*Table2*Frame4*Table4*ButtonBox1*PushButton1(Edit)")
(cx-gui-do cx-set-real-entry-list "pressure-far-field-4-1*Frame4*Frame1(Momentum)*Frame1*Table1*Frame11*Table11*RealEntry2(Gauge Pressure)" '( 26500))
(cx-gui-do cx-set-real-entry-list "pressure-far-field-4-1*Frame4*Frame1(Momentum)*Frame1*Table1*Frame12*Table12*RealEntry2(Mach Number)" '( 0.7))
(cx-gui-do cx-set-real-entry-list "pressure-far-field-4-1*Frame4*Frame1(Momentum)*Frame1*Table1*Frame14*Table14*RealEntry2(X-Component of Flow Direction)" '( 0.99939))
(cx-gui-do cx-set-real-entry-list "pressure-far-field-4-1*Frame4*Frame1(Momentum)*Frame1*Table1*Frame15*Table15*RealEntry2(Y-Component of Flow Direction)" '( 0.0348))

(cx-gui-do cx-set-real-entry-list "pressure-far-field-4-1*Frame4*Frame3(Thermal)*Frame1*Table1*Frame1*Table1*RealEntry2(Temperature)" '( 223))
(cx-gui-do cx-activate-item "pressure-far-field-4-1*PanelButtons*PushButton1(OK)")
(cx-gui-do cx-activate-item "MenuBar*DefineMenu*Operating Conditions...")
(cx-gui-do cx-set-real-entry-list "Operating Conditions*Frame1*Table1*Frame1(Pressure)*Table1(Pressure)*RealEntry2(Operating Pressure)" '( 0))
(cx-gui-do cx-activate-item "Operating Conditions*PanelButtons*PushButton1(OK)")
(cx-gui-do cx-activate-item "NavigationPane*Frame1*PushButton10(Reference Values)")
(cx-gui-do cx-set-list-selections "Reference Values*DropDownList1(Compute from)" '( 2))
(cx-gui-do cx-activate-item "Reference Values*DropDownList1(Compute from)")
(cx-gui-do cx-set-real-entry-list "Reference Values*Frame2(Reference Values)*Table2(Reference Values)*RealEntry1(Area)" '( 16.1435))
(cx-gui-do cx-activate-item "Reference Values*Frame2(Reference Values)*Table2(Reference Values)*RealEntry1(Area)")
(cx-gui-do cx-set-real-entry-list "Reference Values*Frame2(Reference Values)*Table2(Reference Values)*RealEntry5(Length)" '( 4.2645))
(cx-gui-do cx-activate-item "Reference Values*Frame2(Reference Values)*Table2(Reference Values)*RealEntry5(Length)")
(cx-gui-do cx-activate-item "NavigationPane*Frame1*PushButton15(Solution Initialization)")
(cx-gui-do cx-set-list-selections "Solution Initialization*Frame1*Table1*DropDownList1(Compute from)" '( 1))
(cx-gui-do cx-activate-item "Solution Initialization*Frame1*Table1*DropDownList1(Compute from)")
(cx-gui-do cx-activate-item "Solution Initialization*Frame1*Table1*ButtonBox8*PushButton1(Initialize)")
(cx-gui-do cx-activate-item "NavigationPane*Frame1*PushButton16(Calculation Activities)")
(cx-gui-do cx-activate-item "NavigationPane*Frame1*PushButton17(Run Calculation)")
(cx-gui-do cx-set-integer-entry "Run Calculation*Frame1*Table1*IntegerEntry9(Number of Iterations)" 25)
(cx-gui-do cx-activate-item "Run Calculation*Frame1*Table1*IntegerEntry9(Number of Iterations)")
(cx-gui-do cx-activate-item "Run Calculation*Frame1*Table1*PushButton21(Calculate)")
(cx-gui-do cx-activate-item "Information*OK")
(cx-gui-do cx-activate-item "NavigationPane*Frame1*PushButton21(Reports)")
(cx-gui-do cx-set-list-selections "Reports*Frame1*Table1*Frame1*List1(Reports)" '( 1))
(cx-gui-do cx-activate-item "Reports*Frame1*Table1*Frame1*List1(Reports)")
(cx-gui-do cx-activate-item "Reports*Frame1*Table1*Frame2*Table2*PushButton1(Set Up)")
(cx-gui-do cx-set-real-entry-list "Force Reports*Frame1*Frame2*Frame1(Direction Vector)*RealEntry1(X)" '( 1))
(cx-gui-do cx-set-real-entry-list "Force Reports*Frame1*Frame2*Frame1(Direction Vector)*RealEntry2(Y)" '( 0))
(cx-gui-do cx-set-real-entry-list "Force Reports*Frame1*Frame2*Frame1(Direction Vector)*RealEntry3(Z)" '( 0))
(cx-gui-do cx-activate-item "Force Reports*PanelButtons*PushButton1(Write)")
(cx-gui-do cx-set-text-entry "Select File*FilterText" "d:\codes\uav\actools2\temp\*")
(cx-gui-do cx-activate-item "Select File*Apply")
(cx-gui-do cx-set-text-entry "Select File*Text" "drag_output")
(cx-gui-do cx-activate-item "Select File*OK")
(cx-gui-do cx-set-real-entry-list "Force Reports*Frame1*Frame2*Frame1(Direction Vector)*RealEntry1(X)" '( 0))
(cx-gui-do cx-set-real-entry-list "Force Reports*Frame1*Frame2*Frame1(Direction Vector)*RealEntry2(Y)" '( 1))
(cx-gui-do cx-set-real-entry-list "Force Reports*Frame1*Frame2*Frame1(Direction Vector)*RealEntry3(Z)" '( 0))
(cx-gui-do cx-activate-item "Force Reports*PanelButtons*PushButton1(Write)")
(cx-gui-do cx-set-text-entry "Select File*Text" "lift_output")
(cx-gui-do cx-activate-item "Select File*OK")
(cx-gui-do cx-set-toggle-button "Force Reports*Frame1*Frame1(Options)*ToggleBox1(Options)*Moments" #f)
(cx-gui-do cx-activate-item "Force Reports*Frame1*Frame1(Options)*ToggleBox1(Options)*Moments")
(cx-gui-do cx-set-real-entry-list "Force Reports*Frame1*Frame2*Frame2(Moment Center)*RealEntry1(X)" '( 4))
(cx-gui-do cx-set-real-entry-list "Force Reports*Frame1*Frame2*Frame2(Moment Center)*RealEntry2(Y)" '( 0.02))
(cx-gui-do cx-set-real-entry-list "Force Reports*Frame1*Frame2*Frame2(Moment Center)*RealEntry3(Z)" '( 0.03))
(cx-gui-do cx-set-real-entry-list "Force Reports*Frame1*Frame2*Frame3(Moment Axis)*RealEntry1(X)" '( 0))
(cx-gui-do cx-set-real-entry-list "Force Reports*Frame1*Frame2*Frame3(Moment Axis)*RealEntry3(Z)" '( 1))
(cx-gui-do cx-activate-item "Force Reports*PanelButtons*PushButton1(Write)")
(cx-gui-do cx-set-text-entry "Select File*Text" "Cm_output")
(cx-gui-do cx-activate-item "Select File*OK")
(cx-gui-do cx-activate-item "Force Reports*PanelButtons*PushButton2(Cancel)")
(cx-gui-do cx-activate-item "MenuBar*WriteSubMenu*Case & Data...")
(cx-gui-do cx-set-text-entry "Select File*Text" "fw_debug_nonsym_a0_b1")
(cx-gui-do cx-activate-item "Select File*OK")
(cx-gui-do cx-activate-item "MenuBar*FileMenu*Exit")
